>>> from random import randint
>>> numbers = []
>>>
>>> while len(numbers)<10 :
...     n = randint(0, 100)
...     if n in numbers :
...         continue
...
Traceback (most recent call last):
  File "<stdin>", line 2, in <module>
KeyboardInterrupt
>>> from random import randint
>>> numbers = []
>>> while len(numbers)<10 :
...     n = randint(0, 100)
...     if n in numbers :
...         continue
...     numbers.append(n)
...
>>> print(numbers)
[84, 65, 97, 41, 72, 94, 89, 98, 71, 14]